
> bastions-spreadsheet@1.0.0 build
> tsc && vite build

src/sheets/characterSheet.ts(4,5): error TS6133: 'CellData' is declared but its value is never read.
src/sheets/characterSheet.ts(75,24): error TS6133: 'abil' is declared but its value is never read.
src/sheets/characterSheet.ts(89,15): error TS6133: 'modCell' is declared but its value is never read.
